../Core/Src/main.c:35:6:ssd1306_NumInt	40	static
../Core/Src/main.c:67:9:UART_ReadByte	16	static
../Core/Src/main.c:79:9:Key_GetNum0	16	static
../Core/Src/main.c:92:9:Key_GetNum1	16	static
../Core/Src/main.c:105:9:Key_GetNum_2	16	static
../Core/Src/main.c:118:6:Motor_SetSpeed	16	static
../Core/Src/main.c:128:6:ManualControlServo	8	static
../Core/Src/main.c:146:6:UART_ProcessCommand	24	static
../Core/Src/main.c:215:5:main	120	static
../Core/Src/main.c:435:6:SystemClock_Config	72	static
../Core/Src/main.c:465:6:USART1_IRQHandler	16	static
../Core/Src/main.c:499:6:Error_Handler	4	static,ignoring_inline_asm
